
> build
> vite build

[36mvite v7.3.1 [32mbuilding client environment for production...[36m[39m
transforming...
[32mΓ£ô[39m 1001 modules transformed.
rendering chunks...
computing gzip size...
[2mpublic/build/[22m[32mmanifest.json            [39m[1m[2m    0.20 kB[22m[1m[22m[2m Γöé gzip:   0.15 kB[22m
[2mpublic/build/[22m[35massets/app-DtqVhlno.css  [39m[1m[2m   35.70 kB[22m[1m[22m[2m Γöé gzip:   7.02 kB[22m
[2mpublic/build/[22m[36massets/app-Cfje_7qh.js   [39m[1m[33m1,024.47 kB[39m[22m[2m Γöé gzip: 291.60 kB[22m
node.exe : [33m
At line:1 char:1
+ & "C:\Program Files\nodejs/node.exe" "C:\Program Files\nodejs/node_mo ...
+ ~~~~~~~~~~~~~~~~~~~~~~~~~~~~~~~~~~~~~~~~~~~~~~~~~~~~~~~~~~~~~~~~~~~~~
    + CategoryInfo          : NotSpecified: ([33m:String) [], RemoteException
    + FullyQualifiedErrorId : NativeCommandError
 
(!) Some chunks are larger than 500 kB after minification. Consider:
- Using dynamic import() to code-split the application
- Use build.rollupOptions.output.manualChunks to improve chunking: 
https://rollupjs.org/configuration-options/#output-manualchunks
- Adjust chunk size limit for this warning via 
build.chunkSizeWarningLimit.[39m
[32mΓ£ô built in 59.98s[39m
